// Jest Snapshot v1, https://goo.gl/fbAQLP

exports[`Functional Testing snapshotTtesting 1`] = `
<header>
  <div>
    <hr />
    Â© Developer Chethan
  </div>
</header>
`;
